// Jest Snapshot v1, https://goo.gl/fbAQLP

exports[`theme snapshot 1`] = `
Object {
  "bold": 700,
  "boxShadows": Array [
    "0 0 2px 0 rgba(0,0,0,.08),0 1px 4px 0 rgba(0,0,0,.16)",
    "0 0 2px 0 rgba(0,0,0,.08),0 2px 8px 0 rgba(0,0,0,.16)",
    "0 0 2px 0 rgba(0,0,0,.08),0 4px 16px 0 rgba(0,0,0,.16)",
    "0 0 2px 0 rgba(0,0,0,.08),0 8px 32px 0 rgba(0,0,0,.16)",
  ],
  "brandColors": Object {
    "accent": "#ff9595",
    "background": "#EDF2E7",
    "backgroundDark": "#304549",
    "darkAccent": "#d71313",
    "darkPrimary": "#23733B",
    "lightAccent": "#ffafaf",
    "lightPrimary": "#7BB45F",
    "primary": "#4F944D",
    "text": "#131e1a",
  },
  "breakpoints": Array [
    "32em",
    "40em",
    "48em",
    "64em",
  ],
  "colorStyles": Object {
    "blueOnLightBlue": Object {
      "backgroundColor": "#93c9ff",
      "color": "#72b8fe",
    },
    "blueOnWhite": Object {
      "backgroundColor": "#FFF",
      "color": "#72b8fe",
    },
    "danger": Object {
      "backgroundColor": "#ff9595",
      "color": "#FFF",
    },
    "grayOnWhite": Object {
      "backgroundColor": "#FFF",
      "color": "#5F7071",
    },
    "greenOnLightGreen": Object {
      "backgroundColor": "#15e315",
      "color": "#13cf13",
    },
    "greenOnWhite": Object {
      "backgroundColor": "#FFF",
      "color": "#13cf13",
    },
    "info": Object {
      "backgroundColor": "#EDF2E7",
      "color": "#131e1a",
    },
    "purpleOnLightPurple": Object {
      "backgroundColor": undefined,
      "color": undefined,
    },
    "purpleOnWhite": Object {
      "backgroundColor": "#FFF",
      "color": undefined,
    },
    "redOnLightRed": Object {
      "backgroundColor": "#ffafaf",
      "color": "#ff9595",
    },
    "redOnWhite": Object {
      "backgroundColor": "#FFF",
      "color": "#ff9595",
    },
    "success": Object {
      "backgroundColor": "#13cf13",
      "color": "#FFF",
    },
    "textOnLightGray": Object {
      "backgroundColor": "#EDF2E7",
      "color": "#131e1a",
    },
    "textOnOrange": Object {
      "backgroundColor": "#fe9c38",
      "color": "#131e1a",
    },
    "textOnWhite": Object {
      "backgroundColor": "#FFF",
      "color": "#131e1a",
    },
    "warning": Object {
      "backgroundColor": "#fe9c38",
      "color": "#131e1a",
    },
    "whiteOnBlue": Object {
      "backgroundColor": "#72b8fe",
      "color": "#FFF",
    },
    "whiteOnDarkOrange": Object {
      "backgroundColor": "#ce7113",
      "color": "#FFF",
    },
    "whiteOnGray": Object {
      "backgroundColor": "#5F7071",
      "color": "#FFF",
    },
    "whiteOnGreen": Object {
      "backgroundColor": "#13cf13",
      "color": "#FFF",
    },
    "whiteOnPurple": Object {
      "backgroundColor": undefined,
      "color": "#FFF",
    },
    "whiteOnRed": Object {
      "backgroundColor": "#ff9595",
      "color": "#FFF",
    },
    "whiteOnText": Object {
      "backgroundColor": "#131e1a",
      "color": "#FFF",
    },
  },
  "colors": Object {
    "accent": "#ff9595",
    "background": "#EDF2E7",
    "backgroundDark": "#304549",
    "black": "#000",
    "blue": "#72b8fe",
    "borderGray": "#8F9C98",
    "buttonGray": "#BEC7C0",
    "cyan": "#12c7c7",
    "darkAccent": "#d71313",
    "darkBlue": "#1789fc",
    "darkCyan": "#0e9999",
    "darkFuschia": "#ee16ee",
    "darkGray": "#304549",
    "darkGreen": "#0e9f0e",
    "darkIndigo": "#7979fe",
    "darkLime": "#549a0e",
    "darkOrange": "#ce7113",
    "darkPink": "#fe2b95",
    "darkPrimary": "#23733B",
    "darkRed": "#fe3f3f",
    "darkTeal": "#0e9d56",
    "darkViolet": "#b062fe",
    "fuschia": "#fe85fe",
    "gray": "#5F7071",
    "green": "#13cf13",
    "indigo": "#ababff",
    "lightAccent": "#ffafaf",
    "lightBlue": "#93c9ff",
    "lightCyan": "#14d9d9",
    "lightFuschia": "#ffa4ff",
    "lightGray": "#EDF2E7",
    "lightGreen": "#15e315",
    "lightIndigo": "#bebeff",
    "lightLime": "#78dc14",
    "lightOrange": "#feb46a",
    "lightPink": "#ffabd5",
    "lightPrimary": "#7BB45F",
    "lightRed": "#ffafaf",
    "lightTeal": "#14e07b",
    "lightViolet": "#dab5ff",
    "lime": "#6ec912",
    "orange": "#fe9c38",
    "pink": "#ff8fc7",
    "primary": "#4F944D",
    "red": "#ff9595",
    "teal": "#13cd70",
    "text": "#131e1a",
    "violet": "#ce9fff",
    "white": "#FFF",
    "yellow": "#b9b911",
  },
  "duration": Object {
    "fast": "150ms",
    "normal": "300ms",
    "slow": "450ms",
    "slowest": "600ms",
  },
  "extendedSpectrumColors": Object {
    "darkBlue": "#1789fc",
    "darkCyan": "#0e9999",
    "darkFuschia": "#ee16ee",
    "darkGreen": "#0e9f0e",
    "darkIndigo": "#7979fe",
    "darkLime": "#549a0e",
    "darkOrange": "#ce7113",
    "darkPink": "#fe2b95",
    "darkRed": "#fe3f3f",
    "darkTeal": "#0e9d56",
    "darkViolet": "#b062fe",
    "lightBlue": "#93c9ff",
    "lightCyan": "#14d9d9",
    "lightFuschia": "#ffa4ff",
    "lightGreen": "#15e315",
    "lightIndigo": "#bebeff",
    "lightLime": "#78dc14",
    "lightOrange": "#feb46a",
    "lightPink": "#ffabd5",
    "lightRed": "#ffafaf",
    "lightTeal": "#14e07b",
    "lightViolet": "#dab5ff",
  },
  "font": "'Source Sans Pro',Roboto,'Helvetica Neue',Helvetica,Arial,sans-serif",
  "fontSizes": Array [
    12,
    14,
    16,
    20,
    24,
    32,
    40,
    56,
    72,
  ],
  "fontWeights": Object {
    "bold": 700,
    "medium": 400,
    "regular": 400,
  },
  "grayColors": Object {
    "black": "#000",
    "borderGray": "#8F9C98",
    "buttonGray": "#BEC7C0",
    "darkGray": "#304549",
    "gray": "#5F7071",
    "lightGray": "#EDF2E7",
    "white": "#FFF",
  },
  "headingFont": "Roboto,'Source Sans Pro', 'Helvetica Neue',Helvetica,Arial,sans-serif",
  "letterSpacings": Object {
    "caps": "0.025em",
    "normal": "normal",
  },
  "lineHeights": Object {
    "display": 1.25,
    "standard": 1.5,
  },
  "maxContainerWidth": "1280px",
  "mediaQueries": Array [
    "@media screen and (min-width:32em)",
    "@media screen and (min-width:40em)",
    "@media screen and (min-width:48em)",
    "@media screen and (min-width:64em)",
  ],
  "monoFont": "SFMono-Regular,\\"Roboto Mono\\",Menlo,monospace",
  "radii": Array [
    0,
    2,
    6,
  ],
  "radius": "2px",
  "regular": 400,
  "space": Array [
    0,
    4,
    8,
    16,
    32,
    64,
    128,
  ],
  "spectrumColors": Object {
    "blue": "#72b8fe",
    "cyan": "#12c7c7",
    "fuschia": "#fe85fe",
    "green": "#13cf13",
    "indigo": "#ababff",
    "lime": "#6ec912",
    "orange": "#fe9c38",
    "pink": "#ff8fc7",
    "red": "#ff9595",
    "teal": "#13cd70",
    "violet": "#ce9fff",
    "yellow": "#b9b911",
  },
  "textStyles": Object {
    "body0": Object {
      "fontSize": "12px",
      "fontWeight": 400,
      "lineHeight": 1.5,
    },
    "body1": Object {
      "fontSize": "14px",
      "fontWeight": 400,
      "lineHeight": 1.5,
    },
    "body2": Object {
      "fontSize": "16px",
      "fontWeight": 400,
      "lineHeight": 1.5,
    },
    "display0": Object {
      "fontSize": "12px",
      "fontWeight": 700,
      "letterSpacing": "0.025em",
      "lineHeight": 1.25,
      "textTransform": "uppercase",
    },
    "display1": Object {
      "fontSize": "14px",
      "fontWeight": 700,
      "lineHeight": 1.25,
    },
    "display2": Object {
      "fontSize": "16px",
      "fontWeight": 700,
      "lineHeight": 1.25,
    },
    "display3": Object {
      "fontSize": "20px",
      "fontWeight": 700,
      "lineHeight": 1.25,
    },
    "display4": Object {
      "fontSize": "24px",
      "fontWeight": 700,
      "lineHeight": 1.25,
    },
    "display5": Object {
      "fontSize": "32px",
      "fontWeight": 700,
      "lineHeight": 1.25,
    },
    "display6": Object {
      "fontSize": "40px",
      "fontWeight": 700,
      "lineHeight": 1.25,
    },
    "display7": Object {
      "fontSize": "56px",
      "fontWeight": 700,
      "lineHeight": 1.25,
    },
    "display8": Object {
      "fontSize": "72px",
      "fontWeight": 700,
      "lineHeight": 1.25,
    },
  },
  "timingFunctions": Object {
    "easeIn": "cubic-bezier(0.5, 0, 1, 1)",
    "easeInOut": "cubic-bezier(0.5, 0, 0.25, 1)",
    "easeOut": "cubic-bezier(0, 0, 0.25, 1)",
  },
  "transitionDelays": Object {
    "large": "260ms",
    "medium": "160ms",
    "small": "60ms",
    "xLarge": "360ms",
  },
}
`;
