// Jest Snapshot v1, https://goo.gl/fbAQLP

exports[`theme snapshot 1`] = `
Object {
  "bold": 700,
  "boxShadows": Array [
    "0 0 2px 0 rgba(0,0,0,.08),0 1px 4px 0 rgba(0,0,0,.16)",
    "0 0 2px 0 rgba(0,0,0,.08),0 2px 8px 0 rgba(0,0,0,.16)",
    "0 0 2px 0 rgba(0,0,0,.08),0 4px 16px 0 rgba(0,0,0,.16)",
    "0 0 2px 0 rgba(0,0,0,.08),0 8px 32px 0 rgba(0,0,0,.16)",
  ],
  "brandColors": Object {
    "accent": "#fe1717",
    "background": "#EDF2E7",
    "backgroundDark": "#304549",
    "darkAccent": "#a80f0f",
    "darkPrimary": "#23733B",
    "lightAccent": "#fe7474",
    "lightPrimary": "#7BB45F",
    "primary": "#4F944D",
    "text": "#131e1a",
  },
  "breakpoints": Array [
    "32em",
    "40em",
    "48em",
    "64em",
  ],
  "colorStyles": Object {
    "blueOnLightBlue": Object {
      "backgroundColor": "#56aafe",
      "color": "#178afe",
    },
    "blueOnWhite": Object {
      "backgroundColor": "#FFF",
      "color": "#178afe",
    },
    "danger": Object {
      "backgroundColor": "#fe1717",
      "color": "#FFF",
    },
    "grayOnWhite": Object {
      "backgroundColor": "#FFF",
      "color": "#5F7071",
    },
    "greenOnLightGreen": Object {
      "backgroundColor": "#72fe72",
      "color": "#17fe17",
    },
    "greenOnWhite": Object {
      "backgroundColor": "#FFF",
      "color": "#17fe17",
    },
    "info": Object {
      "backgroundColor": "#EDF2E7",
      "color": "#131e1a",
    },
    "purpleOnLightPurple": Object {
      "backgroundColor": undefined,
      "color": undefined,
    },
    "purpleOnWhite": Object {
      "backgroundColor": "#FFF",
      "color": undefined,
    },
    "redOnLightRed": Object {
      "backgroundColor": "#fe7474",
      "color": "#fe1717",
    },
    "redOnWhite": Object {
      "backgroundColor": "#FFF",
      "color": "#fe1717",
    },
    "success": Object {
      "backgroundColor": "#17fe17",
      "color": "#FFF",
    },
    "textOnLightGray": Object {
      "backgroundColor": "#EDF2E7",
      "color": "#131e1a",
    },
    "textOnOrange": Object {
      "backgroundColor": "#fe8b17",
      "color": "#131e1a",
    },
    "textOnWhite": Object {
      "backgroundColor": "#FFF",
      "color": "#131e1a",
    },
    "warning": Object {
      "backgroundColor": "#fe8b17",
      "color": "#131e1a",
    },
    "whiteOnBlue": Object {
      "backgroundColor": "#178afe",
      "color": "#FFF",
    },
    "whiteOnDarkOrange": Object {
      "backgroundColor": "#ca6e12",
      "color": "#FFF",
    },
    "whiteOnGray": Object {
      "backgroundColor": "#5F7071",
      "color": "#FFF",
    },
    "whiteOnGreen": Object {
      "backgroundColor": "#17fe17",
      "color": "#FFF",
    },
    "whiteOnPurple": Object {
      "backgroundColor": undefined,
      "color": "#FFF",
    },
    "whiteOnRed": Object {
      "backgroundColor": "#fe1717",
      "color": "#FFF",
    },
    "whiteOnText": Object {
      "backgroundColor": "#131e1a",
      "color": "#FFF",
    },
  },
  "colors": Object {
    "accent": "#fe1717",
    "background": "#EDF2E7",
    "backgroundDark": "#304549",
    "black": "#000",
    "blue": "#178afe",
    "borderGray": "#8F9C98",
    "buttonGray": "#BEC7C0",
    "cyan": "#17fefe",
    "darkAccent": "#a80f0f",
    "darkBlue": "#126dc9",
    "darkCyan": "#12cbcb",
    "darkFuschia": "#ca12ca",
    "darkGray": "#304549",
    "darkGreen": "#12cb12",
    "darkIndigo": "#1212c9",
    "darkLime": "#6fca12",
    "darkOrange": "#ca6e12",
    "darkPink": "#ca126f",
    "darkPrimary": "#23733B",
    "darkRed": "#ca1212",
    "darkTeal": "#12cb6f",
    "darkViolet": "#6d12c9",
    "fuschia": "#fe17fe",
    "gray": "#5F7071",
    "green": "#17fe17",
    "indigo": "#1717fe",
    "lightAccent": "#fe7474",
    "lightBlue": "#56aafe",
    "lightCyan": "#71fefe",
    "lightFuschia": "#fe73fe",
    "lightGray": "#EDF2E7",
    "lightGreen": "#72fe72",
    "lightIndigo": "#7474fe",
    "lightLime": "#abfe56",
    "lightOrange": "#fea851",
    "lightPink": "#fe70b8",
    "lightPrimary": "#7BB45F",
    "lightRed": "#fe7474",
    "lightTeal": "#69feb4",
    "lightViolet": "#b56cfe",
    "lime": "#8bfe17",
    "orange": "#fe8b17",
    "pink": "#fe178b",
    "primary": "#4F944D",
    "red": "#fe1717",
    "teal": "#17fe8b",
    "text": "#131e1a",
    "violet": "#8a17fe",
    "white": "#FFF",
    "yellow": "#fefe17",
  },
  "duration": Object {
    "fast": "150ms",
    "normal": "300ms",
    "slow": "450ms",
    "slowest": "600ms",
  },
  "extendedSpectrumColors": Object {
    "darkBlue": "#126dc9",
    "darkCyan": "#12cbcb",
    "darkFuschia": "#ca12ca",
    "darkGreen": "#12cb12",
    "darkIndigo": "#1212c9",
    "darkLime": "#6fca12",
    "darkOrange": "#ca6e12",
    "darkPink": "#ca126f",
    "darkRed": "#ca1212",
    "darkTeal": "#12cb6f",
    "darkViolet": "#6d12c9",
    "lightBlue": "#56aafe",
    "lightCyan": "#71fefe",
    "lightFuschia": "#fe73fe",
    "lightGreen": "#72fe72",
    "lightIndigo": "#7474fe",
    "lightLime": "#abfe56",
    "lightOrange": "#fea851",
    "lightPink": "#fe70b8",
    "lightRed": "#fe7474",
    "lightTeal": "#69feb4",
    "lightViolet": "#b56cfe",
  },
  "font": "'Source Sans Pro',Roboto,'Helvetica Neue',Helvetica,Arial,sans-serif",
  "fontSizes": Array [
    12,
    14,
    16,
    20,
    24,
    32,
    40,
    56,
    72,
  ],
  "fontWeights": Object {
    "bold": 700,
    "medium": 400,
    "regular": 400,
  },
  "grayColors": Object {
    "black": "#000",
    "borderGray": "#8F9C98",
    "buttonGray": "#BEC7C0",
    "darkGray": "#304549",
    "gray": "#5F7071",
    "lightGray": "#EDF2E7",
    "white": "#FFF",
  },
  "headingFont": "Roboto,'Source Sans Pro', 'Helvetica Neue',Helvetica,Arial,sans-serif",
  "letterSpacings": Object {
    "caps": "0.025em",
    "normal": "normal",
  },
  "lineHeights": Object {
    "display": 1.25,
    "standard": 1.5,
  },
  "maxContainerWidth": "1280px",
  "mediaQueries": Array [
    "@media screen and (min-width:32em)",
    "@media screen and (min-width:40em)",
    "@media screen and (min-width:48em)",
    "@media screen and (min-width:64em)",
  ],
  "monoFont": "SFMono-Regular,\\"Roboto Mono\\",Menlo,monospace",
  "radii": Array [
    0,
    2,
    6,
  ],
  "radius": "2px",
  "regular": 400,
  "space": Array [
    0,
    4,
    8,
    16,
    32,
    64,
    128,
  ],
  "spectrumColors": Object {
    "blue": "#178afe",
    "cyan": "#17fefe",
    "fuschia": "#fe17fe",
    "green": "#17fe17",
    "indigo": "#1717fe",
    "lime": "#8bfe17",
    "orange": "#fe8b17",
    "pink": "#fe178b",
    "red": "#fe1717",
    "teal": "#17fe8b",
    "violet": "#8a17fe",
    "yellow": "#fefe17",
  },
  "textStyles": Object {
    "body0": Object {
      "fontSize": "12px",
      "fontWeight": 400,
      "lineHeight": 1.5,
    },
    "body1": Object {
      "fontSize": "14px",
      "fontWeight": 400,
      "lineHeight": 1.5,
    },
    "body2": Object {
      "fontSize": "16px",
      "fontWeight": 400,
      "lineHeight": 1.5,
    },
    "display0": Object {
      "fontSize": "12px",
      "fontWeight": 700,
      "letterSpacing": "0.025em",
      "lineHeight": 1.25,
      "textTransform": "uppercase",
    },
    "display1": Object {
      "fontSize": "14px",
      "fontWeight": 700,
      "lineHeight": 1.25,
    },
    "display2": Object {
      "fontSize": "16px",
      "fontWeight": 700,
      "lineHeight": 1.25,
    },
    "display3": Object {
      "fontSize": "20px",
      "fontWeight": 700,
      "lineHeight": 1.25,
    },
    "display4": Object {
      "fontSize": "24px",
      "fontWeight": 700,
      "lineHeight": 1.25,
    },
    "display5": Object {
      "fontSize": "32px",
      "fontWeight": 700,
      "lineHeight": 1.25,
    },
    "display6": Object {
      "fontSize": "40px",
      "fontWeight": 700,
      "lineHeight": 1.25,
    },
    "display7": Object {
      "fontSize": "56px",
      "fontWeight": 700,
      "lineHeight": 1.25,
    },
    "display8": Object {
      "fontSize": "72px",
      "fontWeight": 700,
      "lineHeight": 1.25,
    },
  },
  "timingFunctions": Object {
    "easeIn": "cubic-bezier(0.5, 0, 1, 1)",
    "easeInOut": "cubic-bezier(0.5, 0, 0.25, 1)",
    "easeOut": "cubic-bezier(0, 0, 0.25, 1)",
  },
  "transitionDelays": Object {
    "large": "260ms",
    "medium": "160ms",
    "small": "60ms",
    "xLarge": "360ms",
  },
}
`;
